======================================================================
  BATCH BACKTEST R6: 20 symbols x 10 presets = 200 runs
  Candles: 3900 (~162 days)
  Already completed: 200/200
======================================================================
  [1/20] SKIP BTC/USDT (all presets done)
  [2/20] SKIP ETH/USDT (all presets done)
  [3/20] SKIP XRP/USDT (all presets done)
  [4/20] SKIP SOL/USDT (all presets done)
  [5/20] SKIP DOGE/USDT (all presets done)
  [6/20] SKIP AVAX/USDT (all presets done)
  [7/20] SKIP LINK/USDT (all presets done)
  [8/20] SKIP ADA/USDT (all presets done)
  [9/20] SKIP DOT/USDT (all presets done)
  [10/20] SKIP UNI/USDT (all presets done)
  [11/20] SKIP NEAR/USDT (all presets done)
  [12/20] SKIP APT/USDT (all presets done)
  [13/20] SKIP ARB/USDT (all presets done)
  [14/20] SKIP OP/USDT (all presets done)
  [15/20] SKIP SUI/USDT (all presets done)
  [16/20] SKIP INJ/USDT (all presets done)
  [17/20] SKIP WIF/USDT (all presets done)
  [18/20] SKIP FLOKI/USDT (all presets done)
  [19/20] SKIP FIL/USDT (all presets done)
  [20/20] SKIP GRT/USDT (all presets done)

Saved 200 results to E:\Projects\tgbot\reports\abn\raw_results_r6.json
Saved aggregates to E:\Projects\tgbot\reports\abn\aggregates_r6.json

==========================================================================================
  SUMMARY: 10 presets ├Ч 20 symbols
==========================================================================================
  Preset                       Trades    WR%   PnL(net)     PF    MaxDD  AvgRR
  ---------------------------- ------ ------ ---------- ------ -------- ------
  true_baseline                  1126  35.3%    -63.60%  2.32   59.90%  1.32
  unified_only                   1222  52.0%  +1203.68%  0.00   32.17%  1.80
  structural_sl_only             1151  34.1%   -108.65%  1.80   59.51%  1.33
  sl_guard_only                  1126  35.8%    -12.95%  4.07   49.84%  1.31
  rr_filter_only                 1086  31.9%    -37.03%  3.87   44.30%  1.36
  gate_only                      1071  36.0%    -27.82%  3.23   46.98%  1.32
  buffer_only                    1128  35.4%    -74.94%  2.11   61.51%  1.32
  full_old                       1034  49.2%  +1026.53%  0.00   18.24%  1.56
  full_new                       1138  48.8%  +1133.44%  0.00   18.69%  1.63
  unified_plus_filters           1138  48.8%  +1133.44%  0.00   18.69%  1.63
